// Jest Snapshot v1, https://goo.gl/fbAQLP

exports[`App renders app components correctly 1`] = `
<DocumentFragment>
  <div
    class="weather-app"
  >
    <h1>
      , 
    </h1>
    <div
      class="search-form"
    >
      <label
        for="location-search"
      >
        Change location
        <input
          id="location-search"
          placeholder="Enter a town or city"
          type="text"
          value=""
        />
        <button
          type="submit"
        >
          Search
        </button>
      </label>
    </div>
    <div
      class="forecast-summary-list"
    />
  </div>
</DocumentFragment>
`;
