// Jest Snapshot v1, https://goo.gl/fbAQLP

exports[`SearchForm renders correctly 1`] = `
<DocumentFragment>
  <div
    class="search-form"
  >
    <label
      for="location-search"
    >
      Change location
      <input
        id="location-search"
        placeholder="Enter a town or city"
        type="text"
        value=""
      />
      <button
        type="submit"
      >
        Search
      </button>
    </label>
  </div>
</DocumentFragment>
`;
