// Jest Snapshot v1, https://goo.gl/fbAQLP

exports[` 1`] = `
<DocumentFragment>
  <div
    class="weather-app"
  >
    <h1>
      Manchester, UK
    </h1>
    <div
      class="forecast-summary-list"
    >
      <div
        class="forecast-summary"
        data-testid="forecast-summary"
      >
        <div
          class="forecast-summary_date"
        >
          Thu Jan 01 1970
        </div>
        <div
          class="forecast-summary_icon"
          data-testid="forecast-icon"
        >
          <img
            alt="Weather icon"
            src="https://cdn-icons-png.flaticon.com/128/365/365851.png"
          />
        </div>
        <div
          class="forecast-summary_temperature"
        >
          22째C
        </div>
        <div
          class="forecast-summary_description"
        >
          Stub description
        </div>
        <button
          type="button"
        >
          More details
        </button>
      </div>
      <div
        class="forecast-summary"
        data-testid="forecast-summary"
      >
        <div
          class="forecast-summary_date"
        >
          Thu Jan 01 1970
        </div>
        <div
          class="forecast-summary_icon"
          data-testid="forecast-icon"
        >
          <img
            alt="Weather icon"
            src="https://cdn-icons-png.flaticon.com/128/365/365925.png"
          />
        </div>
        <div
          class="forecast-summary_temperature"
        >
          22째C
        </div>
        <div
          class="forecast-summary_description"
        >
          Stub description
        </div>
        <button
          type="button"
        >
          More details
        </button>
      </div>
    </div>
    <div
      class="forecast-details"
    >
      <h2
        class="forecast-details_date"
      >
        Thu Jan 01 1970
      </h2>
      <div
        class="forecast-details_maximum_temperature"
      >
        Max Temperature: 22째C
      </div>
      <div
        class="forecast-details_minimum_temperature"
      >
        Min Temperature: 12째C
      </div>
      <div
        class="forecast-details_humidity"
      >
        Humidity: 30
      </div>
      <div
        class="forecast-details_wind"
      >
        Wind: 13Stub direction
      </div>
    </div>
  </div>
</DocumentFragment>
`;
