// Jest Snapshot v1, https://goo.gl/fbAQLP

exports[`ForecastSummary renders correctly 1`] = `
<DocumentFragment>
  <div
    class="forecast-summary"
  >
    <div
      class="forecast-summary_date"
    />
    <div
      class="forecast-summary_icon"
    />
    <div
      class="forecast-summary_temperature"
    >
      Â°C
    </div>
    <div
      class="forecast-summary_description"
    />
  </div>
</DocumentFragment>
`;
