// Jest Snapshot v1, https://goo.gl/fbAQLP

exports[`Forecast Summary List renders list correctly 1`] = `
<DocumentFragment>
  <div
    class="forecast-summary-list"
  >
    <div
      class="forecast-summary"
      data-testid="forecast-summary"
    >
      <div
        class="forecast-summary_date"
      >
        Thu Jan 01 1970
      </div>
      <div
        class="forecast-summary_icon"
        data-testid="forecast-icon"
      >
        <img
          alt="Weather icon"
          src="https://cdn-icons-png.flaticon.com/128/365/365851.png"
        />
      </div>
      <div
        class="forecast-summary_temperature"
      >
        22°C
      </div>
      <div
        class="forecast-summary_description"
      >
        Stub description
      </div>
      <button
        type="button"
      >
        More details
      </button>
    </div>
    <div
      class="forecast-summary"
      data-testid="forecast-summary"
    >
      <div
        class="forecast-summary_date"
      >
        Thu Jan 01 1970
      </div>
      <div
        class="forecast-summary_icon"
        data-testid="forecast-icon"
      >
        <img
          alt="Weather icon"
          src="https://cdn-icons-png.flaticon.com/128/365/365925.png"
        />
      </div>
      <div
        class="forecast-summary_temperature"
      >
        22°C
      </div>
      <div
        class="forecast-summary_description"
      >
        Stub description
      </div>
      <button
        type="button"
      >
        More details
      </button>
    </div>
    <div
      class="forecast-summary"
      data-testid="forecast-summary"
    >
      <div
        class="forecast-summary_date"
      >
        Thu Jan 01 1970
      </div>
      <div
        class="forecast-summary_icon"
        data-testid="forecast-icon"
      >
        <img
          alt="Weather icon"
          src="https://cdn-icons-png.flaticon.com/128/365/365867.png"
        />
      </div>
      <div
        class="forecast-summary_temperature"
      >
        22°C
      </div>
      <div
        class="forecast-summary_description"
      >
        Stub description
      </div>
      <button
        type="button"
      >
        More details
      </button>
    </div>
    <div
      class="forecast-summary"
      data-testid="forecast-summary"
    >
      <div
        class="forecast-summary_date"
      >
        Thu Jan 01 1970
      </div>
      <div
        class="forecast-summary_icon"
        data-testid="forecast-icon"
      >
        <img
          alt="Weather icon"
          src="https://cdn-icons-png.flaticon.com/128/365/365925.png"
        />
      </div>
      <div
        class="forecast-summary_temperature"
      >
        22°C
      </div>
      <div
        class="forecast-summary_description"
      >
        Stub description
      </div>
      <button
        type="button"
      >
        More details
      </button>
    </div>
    <div
      class="forecast-summary"
      data-testid="forecast-summary"
    >
      <div
        class="forecast-summary_date"
      >
        Thu Jan 01 1970
      </div>
      <div
        class="forecast-summary_icon"
        data-testid="forecast-icon"
      >
        <img
          alt="Weather icon"
          src="https://cdn-icons-png.flaticon.com/128/365/365859.png"
        />
      </div>
      <div
        class="forecast-summary_temperature"
      >
        22°C
      </div>
      <div
        class="forecast-summary_description"
      >
        Stub description
      </div>
      <button
        type="button"
      >
        More details
      </button>
    </div>
  </div>
</DocumentFragment>
`;
